// Jest Snapshot v1, https://goo.gl/fbAQLP

exports[`Page.vue snapshot 1`] = `
<div class="page">
  <ul class="v-breadcrumbs theme--light">
    <li>
      <div class="v-breadcrumbs__item">chapter-A</div>
    </li>
    <li class="v-breadcrumbs__divider">/</li>
    <li>
      <div class="v-breadcrumbs__item">section-b</div>
    </li>
    <li class="v-breadcrumbs__divider">/</li>
    <li>
      <div class="v-breadcrumbs__item">page-3.md</div>
    </li>
  </ul>
  <div class="container px-0 pt-0 container--fluid">
    <div class="row mx-0 px-5">
      <div class="ma-0 pa-0 col">
        <div class="markdown-body pa-5 v-card v-card--outlined v-sheet theme--light">
          <p><strong>marked</strong></p>
        </div>
      </div>
    </div>
  </div>
</div>
`;
